Archive member included to satisfy reference by file (symbol)

/usr/lib/gcc/avr/4.9.2/avr5/libgcc.a(_udivmodhi4.o)
                              ./raw_io/adc.o (__udivmodhi4)
/usr/lib/gcc/avr/4.9.2/avr5/libgcc.a(_udivmodsi4.o)
                              ./raw_io/pwm.o (__udivmodsi4)
/usr/lib/gcc/avr/4.9.2/avr5/libgcc.a(_exit.o)
                              /usr/lib/gcc/avr/4.9.2/../../../avr/lib/avr5/crtatmega32.o (exit)
/usr/lib/gcc/avr/4.9.2/avr5/libgcc.a(_tablejump2.o)
                              ./raw_io/Xcom_master.o (__tablejump2__)
/usr/lib/gcc/avr/4.9.2/avr5/libgcc.a(_copy_data.o)
                              ./PiXTend/modules/pix_adc.o (__do_copy_data)
/usr/lib/gcc/avr/4.9.2/avr5/libgcc.a(_clear_bss.o)
                              ./raw_io/SysTimer.o (__do_clear_bss)
/usr/lib/gcc/avr/4.9.2/avr5/libgcc.a(_muluhisi3.o)
                              ./raw_io/pwm.o (__muluhisi3)
/usr/lib/gcc/avr/4.9.2/avr5/libgcc.a(_umulhisi3.o)
                              /usr/lib/gcc/avr/4.9.2/avr5/libgcc.a(_muluhisi3.o) (__umulhisi3)
/usr/lib/gcc/avr/4.9.2/../../../avr/lib/avr5/libc.a(calloc.o)
                              ./RPiCom.o (calloc)
/usr/lib/gcc/avr/4.9.2/../../../avr/lib/avr5/libc.a(malloc.o)
                              /usr/lib/gcc/avr/4.9.2/../../../avr/lib/avr5/libc.a(calloc.o) (malloc)
/usr/lib/gcc/avr/4.9.2/../../../avr/lib/avr5/libc.a(realloc.o)
                              ./sps.o (realloc)
/usr/lib/gcc/avr/4.9.2/../../../avr/lib/avr5/libc.a(memcpy.o)
                              ./raw_io/Xcom_master.o (memcpy)
/usr/lib/gcc/avr/4.9.2/../../../avr/lib/avr5/libc.a(memset.o)
                              /usr/lib/gcc/avr/4.9.2/../../../avr/lib/avr5/libc.a(calloc.o) (memset)
/usr/lib/gcc/avr/4.9.2/avr5/libgcc.a(_prologue.o)
                              /usr/lib/gcc/avr/4.9.2/../../../avr/lib/avr5/libc.a(realloc.o) (__prologue_saves__)
/usr/lib/gcc/avr/4.9.2/avr5/libgcc.a(_epilogue.o)
                              /usr/lib/gcc/avr/4.9.2/../../../avr/lib/avr5/libc.a(realloc.o) (__epilogue_restores__)

Allocating common symbols
Common symbol       size              file

SysTime             0x4               ./raw_io/SysTimer.o
Mods                0x1               ./sps.o
Features            0x1               ./sps.o
__brkval            0x2               /usr/lib/gcc/avr/4.9.2/../../../avr/lib/avr5/libc.a(malloc.o)
Xstat               0x4a              ./raw_io/Xcom_master.o
ai                  0x2               ./PiXTend/modules/pix_adc.o
ProcTick            0x2               ./sps.o
RealOutput          0xf               ./sps.o
XcomRxBuffer        0x40              ./raw_io/Xcom_master.o
Reg_uc              0x1               ./sps.o
DelayTick           0x2               ./raw_io/Xcom_master.o
RPi                 0x5               ./PiX_ng.o
AutoTick            0x2               ./sps.o
__flp               0x2               /usr/lib/gcc/avr/4.9.2/../../../avr/lib/avr5/libc.a(malloc.o)
ModMap              0x2               ./sps.o

↵
Speichereinrichtung
↵

Name             Ursprung           Länge             Eigenschaften
text             0x0000000000000000 0x0000000000020000 xr
data             0x0000000000800060 0x000000000000ffa0 rw !x
eeprom           0x0000000000810000 0x0000000000010000 rw !x
fuse             0x0000000000820000 0x0000000000000400 rw !x
lock             0x0000000000830000 0x0000000000000400 rw !x
signature        0x0000000000840000 0x0000000000000400 rw !x
user_signatures  0x0000000000850000 0x0000000000000400 rw !x
*default*        0x0000000000000000 0xffffffffffffffff

Linker script and memory map

LOAD /usr/lib/gcc/avr/4.9.2/../../../avr/lib/avr5/crtatmega32.o
LOAD ./raw_io/SysTimer.o
LOAD ./raw_io/Xcom_master.o
LOAD ./raw_io/adc.o
LOAD ./raw_io/pwm.o
LOAD ./raw_io/uart.o
LOAD ./PiXTend/modules/pix_adc.o
LOAD ./PiXTend/modules/pix_giio.o
LOAD ./PiXTend/modules/pix_pwm.o
LOAD ./PiXTend/commands/adc.o
LOAD ./PiXTend/commands/gpio.o
LOAD ./PiXTend/commands/pwm.o
LOAD ./PiX_ng.o
LOAD ./RPiCom.o
LOAD ./sps.o
START GROUP
LOAD /usr/lib/gcc/avr/4.9.2/avr5/libgcc.a
LOAD /usr/lib/gcc/avr/4.9.2/../../../avr/lib/avr5/libm.a
LOAD /usr/lib/gcc/avr/4.9.2/../../../avr/lib/avr5/libc.a
LOAD /usr/lib/gcc/avr/4.9.2/../../../avr/lib/avr5/libatmega32.a
END GROUP

.hash
 *(.hash)

.dynsym
 *(.dynsym)

.dynstr
 *(.dynstr)

.gnu.version
 *(.gnu.version)

.gnu.version_d
 *(.gnu.version_d)

.gnu.version_r
 *(.gnu.version_r)

.rel.init
 *(.rel.init)

.rela.init
 *(.rela.init)

.rel.text
 *(.rel.text)
 *(.rel.text.*)
 *(.rel.gnu.linkonce.t*)

.rela.text
 *(.rela.text)
 *(.rela.text.*)
 *(.rela.gnu.linkonce.t*)

.rel.fini
 *(.rel.fini)

.rela.fini
 *(.rela.fini)

.rel.rodata
 *(.rel.rodata)
 *(.rel.rodata.*)
 *(.rel.gnu.linkonce.r*)

.rela.rodata
 *(.rela.rodata)
 *(.rela.rodata.*)
 *(.rela.gnu.linkonce.r*)

.rel.data
 *(.rel.data)
 *(.rel.data.*)
 *(.rel.gnu.linkonce.d*)

.rela.data
 *(.rela.data)
 *(.rela.data.*)
 *(.rela.gnu.linkonce.d*)

.rel.ctors
 *(.rel.ctors)

.rela.ctors
 *(.rela.ctors)

.rel.dtors
 *(.rel.dtors)

.rela.dtors
 *(.rela.dtors)

.rel.got
 *(.rel.got)

.rela.got
 *(.rela.got)

.rel.bss
 *(.rel.bss)

.rela.bss
 *(.rela.bss)

.rel.plt
 *(.rel.plt)

.rela.plt
 *(.rela.plt)

.text           0x0000000000000000     0x1c60
 *(.vectors)
 .vectors       0x0000000000000000       0x54 /usr/lib/gcc/avr/4.9.2/../../../avr/lib/avr5/crtatmega32.o
                0x0000000000000000                __vectors
                0x0000000000000000                __vector_default
 *(.vectors)
 *(.progmem.gcc*)
 .progmem.gcc_sw_table
                0x0000000000000054       0x12 ./raw_io/Xcom_master.o
 .progmem.gcc_sw_table
                0x0000000000000066       0x12 ./RPiCom.o
                0x0000000000000078                . = ALIGN (0x2)
                0x0000000000000078                __trampolines_start = .
 *(.trampolines)
 .trampolines   0x0000000000000078        0x0 linker stubs
 *(.trampolines*)
                0x0000000000000078                __trampolines_end = .
 *(.progmem*)
                0x0000000000000078                . = ALIGN (0x2)
 *(.jumptables)
 *(.jumptables*)
 *(.lowtext)
 *(.lowtext*)
                0x0000000000000078                __ctors_start = .
 *(.ctors)
                0x0000000000000078                __ctors_end = .
                0x0000000000000078                __dtors_start = .
 *(.dtors)
                0x0000000000000078                __dtors_end = .
 SORT(*)(.ctors)
 SORT(*)(.dtors)
 *(.init0)
 .init0         0x0000000000000078        0x0 /usr/lib/gcc/avr/4.9.2/../../../avr/lib/avr5/crtatmega32.o
                0x0000000000000078                __init
 *(.init0)
 *(.init1)
 *(.init1)
 *(.init2)
 .init2         0x0000000000000078        0xc /usr/lib/gcc/avr/4.9.2/../../../avr/lib/avr5/crtatmega32.o
 *(.init2)
 *(.init3)
 *(.init3)
 *(.init4)
 .init4         0x0000000000000084       0x16 /usr/lib/gcc/avr/4.9.2/avr5/libgcc.a(_copy_data.o)
                0x0000000000000084                __do_copy_data
 .init4         0x000000000000009a       0x10 /usr/lib/gcc/avr/4.9.2/avr5/libgcc.a(_clear_bss.o)
                0x000000000000009a                __do_clear_bss
 *(.init4)
 *(.init5)
 *(.init5)
 *(.init6)
 *(.init6)
 *(.init7)
 *(.init7)
 *(.init8)
 *(.init8)
 *(.init9)
 .init9         0x00000000000000aa        0x8 /usr/lib/gcc/avr/4.9.2/../../../avr/lib/avr5/crtatmega32.o
 *(.init9)
 *(.text)
 .text          0x00000000000000b2        0x4 /usr/lib/gcc/avr/4.9.2/../../../avr/lib/avr5/crtatmega32.o
                0x00000000000000b2                __vector_1
                0x00000000000000b2                __bad_interrupt
                0x00000000000000b2                __vector_6
                0x00000000000000b2                __vector_3
                0x00000000000000b2                __vector_11
                0x00000000000000b2                __vector_13
                0x00000000000000b2                __vector_17
                0x00000000000000b2                __vector_19
                0x00000000000000b2                __vector_7
                0x00000000000000b2                __vector_5
                0x00000000000000b2                __vector_9
                0x00000000000000b2                __vector_2
                0x00000000000000b2                __vector_15
                0x00000000000000b2                __vector_8
                0x00000000000000b2                __vector_14
                0x00000000000000b2                __vector_10
                0x00000000000000b2                __vector_18
                0x00000000000000b2                __vector_20
 .text          0x00000000000000b6      0x104 ./raw_io/SysTimer.o
                0x00000000000000b6                init_SysTimer
                0x0000000000000106                request_SysTimer
                0x000000000000011e                __vector_4
 .text          0x00000000000001ba      0x288 ./raw_io/Xcom_master.o
                0x000000000000020c                Xcom_init
                0x0000000000000270                Xcom_ack
                0x0000000000000276                Xcom_worker
                0x0000000000000384                Xcom_avail
                0x0000000000000396                Xcom_cmd
                0x00000000000003fe                Xcom_status
                0x0000000000000420                Xcom_ErrorMsg
 .text          0x0000000000000442      0x246 ./raw_io/adc.o
                0x0000000000000442                adc_worker
                0x000000000000049e                adc_set_rate
                0x00000000000004aa                adc_set_samples
                0x0000000000000516                adc_init
                0x0000000000000564                get_adc_value
                0x0000000000000594                __vector_16
 .text          0x0000000000000688      0x194 ./raw_io/pwm.o
                0x0000000000000688                init_pwm
                0x00000000000006a2                setup_pwm
                0x0000000000000768                set_pwm
                0x00000000000007e8                setup_servo_pwm
                0x0000000000000806                set_servo_pwm
 .text          0x000000000000081c       0x98 ./raw_io/uart.o
                0x000000000000081c                uart_init
                0x000000000000081e                uart_getc
                0x0000000000000824                uart_putc
                0x0000000000000846                uart_puts
                0x000000000000085a                uart_puts_p
                0x00000000000008ac                uart_available
                0x00000000000008b2                uart_flush
 .text          0x00000000000008b4      0x13c ./PiXTend/modules/pix_adc.o
                0x00000000000008b4                pix_adc_register
                0x00000000000008cc                pix_adc_init
                0x00000000000008d4                pix_adc_ioctrl
                0x00000000000009b0                pix_adc_output
                0x00000000000009ec                pix_adc_worker
 .text          0x00000000000009f0      0x186 ./PiXTend/modules/pix_giio.o
 .text          0x0000000000000b76      0x164 ./PiXTend/modules/pix_pwm.o
 .text          0x0000000000000cda       0x66 ./PiXTend/commands/adc.o
                0x0000000000000cda                int_get_adc
                0x0000000000000d22                int_set_ai_ctrl
 .text          0x0000000000000d40       0x84 ./PiXTend/commands/gpio.o
                0x0000000000000d40                int_set_dio
                0x0000000000000d54                int_get_dio
                0x0000000000000d6e                int_set_relays
                0x0000000000000d82                int_get_gpio
                0x0000000000000d96                int_set_gpio
                0x0000000000000db0                int_set_gpio_ctrl
 .text          0x0000000000000dc4       0xb2 ./PiXTend/commands/pwm.o
                0x0000000000000dc4                int_set_servo
                0x0000000000000de8                int_set_pwm
                0x0000000000000e2e                int_set_pwm_ctrl
 .text          0x0000000000000e76        0x0 ./PiX_ng.o
 .text          0x0000000000000e76      0x42e ./RPiCom.o
                0x0000000000000ea6                RPi_init
                0x0000000000000f4e                RPi_start
                0x0000000000000f54                RPi_RegisterFunction
                0x0000000000000f80                RPi_worker
                0x0000000000000fa4                RPi_update
                0x0000000000000fdc                RPi_ack
                0x0000000000000fec                RPi_error
                0x0000000000000fee                __vector_12
 .text          0x00000000000012a4      0x3ec ./sps.o
                0x00000000000012a4                int_set_uc_ctrl
                0x00000000000012b8                int_set_RPi_stat
                0x00000000000012cc                int_get_uc_version
                0x00000000000012e8                int_get_uc_status
                0x0000000000001302                register_mod_spi_commands
                0x000000000000136c                init_modules
                0x0000000000001386                register_module
                0x00000000000013c6                sps_control
                0x0000000000001438                sps_aquire_dta
                0x0000000000001498                sps_process_input
                0x00000000000014f6                sps_init
                0x0000000000001562                sps_reset
                0x0000000000001574                sps_worker
 .text          0x0000000000001690        0x0 /usr/lib/gcc/avr/4.9.2/avr5/libgcc.a(_udivmodhi4.o)
 .text          0x0000000000001690        0x0 /usr/lib/gcc/avr/4.9.2/avr5/libgcc.a(_udivmodsi4.o)
 .text          0x0000000000001690        0x0 /usr/lib/gcc/avr/4.9.2/avr5/libgcc.a(_exit.o)
 .text          0x0000000000001690        0x0 /usr/lib/gcc/avr/4.9.2/avr5/libgcc.a(_tablejump2.o)
 .text          0x0000000000001690        0x0 /usr/lib/gcc/avr/4.9.2/avr5/libgcc.a(_copy_data.o)
 .text          0x0000000000001690        0x0 /usr/lib/gcc/avr/4.9.2/avr5/libgcc.a(_clear_bss.o)
 .text          0x0000000000001690        0x0 /usr/lib/gcc/avr/4.9.2/avr5/libgcc.a(_muluhisi3.o)
 .text          0x0000000000001690        0x0 /usr/lib/gcc/avr/4.9.2/avr5/libgcc.a(_umulhisi3.o)
 .text          0x0000000000001690        0x0 /usr/lib/gcc/avr/4.9.2/../../../avr/lib/avr5/libc.a(calloc.o)
 .text          0x0000000000001690        0x0 /usr/lib/gcc/avr/4.9.2/../../../avr/lib/avr5/libc.a(malloc.o)
 .text          0x0000000000001690        0x0 /usr/lib/gcc/avr/4.9.2/../../../avr/lib/avr5/libc.a(realloc.o)
 .text          0x0000000000001690        0x0 /usr/lib/gcc/avr/4.9.2/../../../avr/lib/avr5/libc.a(memcpy.o)
 .text          0x0000000000001690        0x0 /usr/lib/gcc/avr/4.9.2/../../../avr/lib/avr5/libc.a(memset.o)
 .text          0x0000000000001690        0x0 /usr/lib/gcc/avr/4.9.2/avr5/libgcc.a(_prologue.o)
 .text          0x0000000000001690        0x0 /usr/lib/gcc/avr/4.9.2/avr5/libgcc.a(_epilogue.o)
                0x0000000000001690                . = ALIGN (0x2)
 *(.text.*)
 .text.startup  0x0000000000001690       0x6c ./PiX_ng.o
                0x0000000000001690                main
 .text.libgcc.mul
                0x00000000000016fc        0x0 /usr/lib/gcc/avr/4.9.2/avr5/libgcc.a(_udivmodhi4.o)
 .text.libgcc.div
                0x00000000000016fc       0x28 /usr/lib/gcc/avr/4.9.2/avr5/libgcc.a(_udivmodhi4.o)
                0x00000000000016fc                __udivmodhi4
 .text.libgcc   0x0000000000001724        0x0 /usr/lib/gcc/avr/4.9.2/avr5/libgcc.a(_udivmodhi4.o)
 .text.libgcc.prologue
                0x0000000000001724        0x0 /usr/lib/gcc/avr/4.9.2/avr5/libgcc.a(_udivmodhi4.o)
 .text.libgcc.builtins
                0x0000000000001724        0x0 /usr/lib/gcc/avr/4.9.2/avr5/libgcc.a(_udivmodhi4.o)
 .text.libgcc.fmul
                0x0000000000001724        0x0 /usr/lib/gcc/avr/4.9.2/avr5/libgcc.a(_udivmodhi4.o)
 .text.libgcc.fixed
                0x0000000000001724        0x0 /usr/lib/gcc/avr/4.9.2/avr5/libgcc.a(_udivmodhi4.o)
 .text.libgcc.mul
                0x0000000000001724        0x0 /usr/lib/gcc/avr/4.9.2/avr5/libgcc.a(_udivmodsi4.o)
 .text.libgcc.div
                0x0000000000001724       0x44 /usr/lib/gcc/avr/4.9.2/avr5/libgcc.a(_udivmodsi4.o)
                0x0000000000001724                __udivmodsi4
 .text.libgcc   0x0000000000001768        0x0 /usr/lib/gcc/avr/4.9.2/avr5/libgcc.a(_udivmodsi4.o)
 .text.libgcc.prologue
                0x0000000000001768        0x0 /usr/lib/gcc/avr/4.9.2/avr5/libgcc.a(_udivmodsi4.o)
 .text.libgcc.builtins
                0x0000000000001768        0x0 /usr/lib/gcc/avr/4.9.2/avr5/libgcc.a(_udivmodsi4.o)
 .text.libgcc.fmul
                0x0000000000001768        0x0 /usr/lib/gcc/avr/4.9.2/avr5/libgcc.a(_udivmodsi4.o)
 .text.libgcc.fixed
                0x0000000000001768        0x0 /usr/lib/gcc/avr/4.9.2/avr5/libgcc.a(_udivmodsi4.o)
 .text.libgcc.mul
                0x0000000000001768        0x0 /usr/lib/gcc/avr/4.9.2/avr5/libgcc.a(_exit.o)
 .text.libgcc.div
                0x0000000000001768        0x0 /usr/lib/gcc/avr/4.9.2/avr5/libgcc.a(_exit.o)
 .text.libgcc   0x0000000000001768        0x0 /usr/lib/gcc/avr/4.9.2/avr5/libgcc.a(_exit.o)
 .text.libgcc.prologue
                0x0000000000001768        0x0 /usr/lib/gcc/avr/4.9.2/avr5/libgcc.a(_exit.o)
 .text.libgcc.builtins
                0x0000000000001768        0x0 /usr/lib/gcc/avr/4.9.2/avr5/libgcc.a(_exit.o)
 .text.libgcc.fmul
                0x0000000000001768        0x0 /usr/lib/gcc/avr/4.9.2/avr5/libgcc.a(_exit.o)
 .text.libgcc.fixed
                0x0000000000001768        0x0 /usr/lib/gcc/avr/4.9.2/avr5/libgcc.a(_exit.o)
 .text.libgcc.mul
                0x0000000000001768        0x0 /usr/lib/gcc/avr/4.9.2/avr5/libgcc.a(_tablejump2.o)
 .text.libgcc.div
                0x0000000000001768        0x0 /usr/lib/gcc/avr/4.9.2/avr5/libgcc.a(_tablejump2.o)
 .text.libgcc   0x0000000000001768        0xc /usr/lib/gcc/avr/4.9.2/avr5/libgcc.a(_tablejump2.o)
                0x0000000000001768                __tablejump2__
 .text.libgcc.prologue
                0x0000000000001774        0x0 /usr/lib/gcc/avr/4.9.2/avr5/libgcc.a(_tablejump2.o)
 .text.libgcc.builtins
                0x0000000000001774        0x0 /usr/lib/gcc/avr/4.9.2/avr5/libgcc.a(_tablejump2.o)
 .text.libgcc.fmul
                0x0000000000001774        0x0 /usr/lib/gcc/avr/4.9.2/avr5/libgcc.a(_tablejump2.o)
 .text.libgcc.fixed
                0x0000000000001774        0x0 /usr/lib/gcc/avr/4.9.2/avr5/libgcc.a(_tablejump2.o)
 .text.libgcc.mul
                0x0000000000001774        0x0 /usr/lib/gcc/avr/4.9.2/avr5/libgcc.a(_copy_data.o)
 .text.libgcc.div
                0x0000000000001774        0x0 /usr/lib/gcc/avr/4.9.2/avr5/libgcc.a(_copy_data.o)
 .text.libgcc   0x0000000000001774        0x0 /usr/lib/gcc/avr/4.9.2/avr5/libgcc.a(_copy_data.o)
 .text.libgcc.prologue
                0x0000000000001774        0x0 /usr/lib/gcc/avr/4.9.2/avr5/libgcc.a(_copy_data.o)
 .text.libgcc.builtins
                0x0000000000001774        0x0 /usr/lib/gcc/avr/4.9.2/avr5/libgcc.a(_copy_data.o)
 .text.libgcc.fmul
                0x0000000000001774        0x0 /usr/lib/gcc/avr/4.9.2/avr5/libgcc.a(_copy_data.o)
 .text.libgcc.fixed
                0x0000000000001774        0x0 /usr/lib/gcc/avr/4.9.2/avr5/libgcc.a(_copy_data.o)
 .text.libgcc.mul
                0x0000000000001774        0x0 /usr/lib/gcc/avr/4.9.2/avr5/libgcc.a(_clear_bss.o)
 .text.libgcc.div
                0x0000000000001774        0x0 /usr/lib/gcc/avr/4.9.2/avr5/libgcc.a(_clear_bss.o)
 .text.libgcc   0x0000000000001774        0x0 /usr/lib/gcc/avr/4.9.2/avr5/libgcc.a(_clear_bss.o)
 .text.libgcc.prologue
                0x0000000000001774        0x0 /usr/lib/gcc/avr/4.9.2/avr5/libgcc.a(_clear_bss.o)
 .text.libgcc.builtins
                0x0000000000001774        0x0 /usr/lib/gcc/avr/4.9.2/avr5/libgcc.a(_clear_bss.o)
 .text.libgcc.fmul
                0x0000000000001774        0x0 /usr/lib/gcc/avr/4.9.2/avr5/libgcc.a(_clear_bss.o)
 .text.libgcc.fixed
                0x0000000000001774        0x0 /usr/lib/gcc/avr/4.9.2/avr5/libgcc.a(_clear_bss.o)
 .text.libgcc.mul
                0x0000000000001774       0x16 /usr/lib/gcc/avr/4.9.2/avr5/libgcc.a(_muluhisi3.o)
                0x0000000000001774                __muluhisi3
 .text.libgcc.div
                0x000000000000178a        0x0 /usr/lib/gcc/avr/4.9.2/avr5/libgcc.a(_muluhisi3.o)
 .text.libgcc   0x000000000000178a        0x0 /usr/lib/gcc/avr/4.9.2/avr5/libgcc.a(_muluhisi3.o)
 .text.libgcc.prologue
                0x000000000000178a        0x0 /usr/lib/gcc/avr/4.9.2/avr5/libgcc.a(_muluhisi3.o)
 .text.libgcc.builtins
                0x000000000000178a        0x0 /usr/lib/gcc/avr/4.9.2/avr5/libgcc.a(_muluhisi3.o)
 .text.libgcc.fmul
                0x000000000000178a        0x0 /usr/lib/gcc/avr/4.9.2/avr5/libgcc.a(_muluhisi3.o)
 .text.libgcc.fixed
                0x000000000000178a        0x0 /usr/lib/gcc/avr/4.9.2/avr5/libgcc.a(_muluhisi3.o)
 .text.libgcc.mul
                0x000000000000178a       0x1e /usr/lib/gcc/avr/4.9.2/avr5/libgcc.a(_umulhisi3.o)
                0x000000000000178a                __umulhisi3
 .text.libgcc.div
                0x00000000000017a8        0x0 /usr/lib/gcc/avr/4.9.2/avr5/libgcc.a(_umulhisi3.o)
 .text.libgcc   0x00000000000017a8        0x0 /usr/lib/gcc/avr/4.9.2/avr5/libgcc.a(_umulhisi3.o)
 .text.libgcc.prologue
                0x00000000000017a8        0x0 /usr/lib/gcc/avr/4.9.2/avr5/libgcc.a(_umulhisi3.o)
 .text.libgcc.builtins
                0x00000000000017a8        0x0 /usr/lib/gcc/avr/4.9.2/avr5/libgcc.a(_umulhisi3.o)
 .text.libgcc.fmul
                0x00000000000017a8        0x0 /usr/lib/gcc/avr/4.9.2/avr5/libgcc.a(_umulhisi3.o)
 .text.libgcc.fixed
                0x00000000000017a8        0x0 /usr/lib/gcc/avr/4.9.2/avr5/libgcc.a(_umulhisi3.o)
 .text.avr-libc
                0x00000000000017a8       0x38 /usr/lib/gcc/avr/4.9.2/../../../avr/lib/avr5/libc.a(calloc.o)
                0x00000000000017a8                calloc
 .text.avr-libc
                0x00000000000017e0      0x25a /usr/lib/gcc/avr/4.9.2/../../../avr/lib/avr5/libc.a(malloc.o)
                0x00000000000017e0                malloc
                0x000000000000190a                free
 .text.avr-libc
                0x0000000000001a3a      0x194 /usr/lib/gcc/avr/4.9.2/../../../avr/lib/avr5/libc.a(realloc.o)
                0x0000000000001a3a                realloc
 .text.avr-libc
                0x0000000000001bce       0x12 /usr/lib/gcc/avr/4.9.2/../../../avr/lib/avr5/libc.a(memcpy.o)
                0x0000000000001bce                memcpy
 .text.avr-libc
                0x0000000000001be0        0xe /usr/lib/gcc/avr/4.9.2/../../../avr/lib/avr5/libc.a(memset.o)
                0x0000000000001be0                memset
 .text.libgcc.mul
                0x0000000000001bee        0x0 /usr/lib/gcc/avr/4.9.2/avr5/libgcc.a(_prologue.o)
 .text.libgcc.div
                0x0000000000001bee        0x0 /usr/lib/gcc/avr/4.9.2/avr5/libgcc.a(_prologue.o)
 .text.libgcc   0x0000000000001bee        0x0 /usr/lib/gcc/avr/4.9.2/avr5/libgcc.a(_prologue.o)
 .text.libgcc.prologue
                0x0000000000001bee       0x38 /usr/lib/gcc/avr/4.9.2/avr5/libgcc.a(_prologue.o)
                0x0000000000001bee                __prologue_saves__
 .text.libgcc.builtins
                0x0000000000001c26        0x0 /usr/lib/gcc/avr/4.9.2/avr5/libgcc.a(_prologue.o)
 .text.libgcc.fmul
                0x0000000000001c26        0x0 /usr/lib/gcc/avr/4.9.2/avr5/libgcc.a(_prologue.o)
 .text.libgcc.fixed
                0x0000000000001c26        0x0 /usr/lib/gcc/avr/4.9.2/avr5/libgcc.a(_prologue.o)
 .text.libgcc.mul
                0x0000000000001c26        0x0 /usr/lib/gcc/avr/4.9.2/avr5/libgcc.a(_epilogue.o)
 .text.libgcc.div
                0x0000000000001c26        0x0 /usr/lib/gcc/avr/4.9.2/avr5/libgcc.a(_epilogue.o)
 .text.libgcc   0x0000000000001c26        0x0 /usr/lib/gcc/avr/4.9.2/avr5/libgcc.a(_epilogue.o)
 .text.libgcc.prologue
                0x0000000000001c26       0x36 /usr/lib/gcc/avr/4.9.2/avr5/libgcc.a(_epilogue.o)
                0x0000000000001c26                __epilogue_restores__
 .text.libgcc.builtins
                0x0000000000001c5c        0x0 /usr/lib/gcc/avr/4.9.2/avr5/libgcc.a(_epilogue.o)
 .text.libgcc.fmul
                0x0000000000001c5c        0x0 /usr/lib/gcc/avr/4.9.2/avr5/libgcc.a(_epilogue.o)
 .text.libgcc.fixed
                0x0000000000001c5c        0x0 /usr/lib/gcc/avr/4.9.2/avr5/libgcc.a(_epilogue.o)
                0x0000000000001c5c                . = ALIGN (0x2)
 *(.fini9)
 .fini9         0x0000000000001c5c        0x0 /usr/lib/gcc/avr/4.9.2/avr5/libgcc.a(_exit.o)
                0x0000000000001c5c                exit
                0x0000000000001c5c                _exit
 *(.fini9)
 *(.fini8)
 *(.fini8)
 *(.fini7)
 *(.fini7)
 *(.fini6)
 *(.fini6)
 *(.fini5)
 *(.fini5)
 *(.fini4)
 *(.fini4)
 *(.fini3)
 *(.fini3)
 *(.fini2)
 *(.fini2)
 *(.fini1)
 *(.fini1)
 *(.fini0)
 .fini0         0x0000000000001c5c        0x4 /usr/lib/gcc/avr/4.9.2/avr5/libgcc.a(_exit.o)
 *(.fini0)
                0x0000000000001c60                _etext = .

.data           0x0000000000800060       0x2a load address 0x0000000000001c60
                0x0000000000800060                PROVIDE (__data_start, .)
 *(.data)
 .data          0x0000000000800060        0x0 /usr/lib/gcc/avr/4.9.2/../../../avr/lib/avr5/crtatmega32.o
 .data          0x0000000000800060        0x0 ./raw_io/SysTimer.o
 .data          0x0000000000800060        0x0 ./raw_io/Xcom_master.o
 .data          0x0000000000800060        0x0 ./raw_io/adc.o
 .data          0x0000000000800060        0x0 ./raw_io/pwm.o
 .data          0x0000000000800060        0x0 ./raw_io/uart.o
 .data          0x0000000000800060        0xc ./PiXTend/modules/pix_adc.o
                0x0000000000800060                ADC_Mod_Info
 .data          0x000000000080006c        0xc ./PiXTend/modules/pix_giio.o
                0x000000000080006c                gpio_Mod_Info
 .data          0x0000000000800078        0xc ./PiXTend/modules/pix_pwm.o
                0x0000000000800078                pwm_Mod_Info
 .data          0x0000000000800084        0x0 ./PiXTend/commands/adc.o
 .data          0x0000000000800084        0x0 ./PiXTend/commands/gpio.o
 .data          0x0000000000800084        0x0 ./PiXTend/commands/pwm.o
 .data          0x0000000000800084        0x0 ./PiX_ng.o
 .data          0x0000000000800084        0x0 ./RPiCom.o
 .data          0x0000000000800084        0x0 ./sps.o
 .data          0x0000000000800084        0x0 /usr/lib/gcc/avr/4.9.2/avr5/libgcc.a(_udivmodhi4.o)
 .data          0x0000000000800084        0x0 /usr/lib/gcc/avr/4.9.2/avr5/libgcc.a(_udivmodsi4.o)
 .data          0x0000000000800084        0x0 /usr/lib/gcc/avr/4.9.2/avr5/libgcc.a(_exit.o)
 .data          0x0000000000800084        0x0 /usr/lib/gcc/avr/4.9.2/avr5/libgcc.a(_tablejump2.o)
 .data          0x0000000000800084        0x0 /usr/lib/gcc/avr/4.9.2/avr5/libgcc.a(_copy_data.o)
 .data          0x0000000000800084        0x0 /usr/lib/gcc/avr/4.9.2/avr5/libgcc.a(_clear_bss.o)
 .data          0x0000000000800084        0x0 /usr/lib/gcc/avr/4.9.2/avr5/libgcc.a(_muluhisi3.o)
 .data          0x0000000000800084        0x0 /usr/lib/gcc/avr/4.9.2/avr5/libgcc.a(_umulhisi3.o)
 .data          0x0000000000800084        0x0 /usr/lib/gcc/avr/4.9.2/../../../avr/lib/avr5/libc.a(calloc.o)
 .data          0x0000000000800084        0x6 /usr/lib/gcc/avr/4.9.2/../../../avr/lib/avr5/libc.a(malloc.o)
                0x0000000000800084                __malloc_heap_end
                0x0000000000800086                __malloc_heap_start
                0x0000000000800088                __malloc_margin
 .data          0x000000000080008a        0x0 /usr/lib/gcc/avr/4.9.2/../../../avr/lib/avr5/libc.a(realloc.o)
 .data          0x000000000080008a        0x0 /usr/lib/gcc/avr/4.9.2/../../../avr/lib/avr5/libc.a(memcpy.o)
 .data          0x000000000080008a        0x0 /usr/lib/gcc/avr/4.9.2/../../../avr/lib/avr5/libc.a(memset.o)
 .data          0x000000000080008a        0x0 /usr/lib/gcc/avr/4.9.2/avr5/libgcc.a(_prologue.o)
 .data          0x000000000080008a        0x0 /usr/lib/gcc/avr/4.9.2/avr5/libgcc.a(_epilogue.o)
 *(.data*)
 *(.rodata)
 *(.rodata*)
 *(.gnu.linkonce.d*)
                0x000000000080008a                . = ALIGN (0x2)
                0x000000000080008a                _edata = .
                0x000000000080008a                PROVIDE (__data_end, .)

.bss            0x000000000080008a      0x318
                0x000000000080008a                PROVIDE (__bss_start, .)
 *(.bss)
 .bss           0x000000000080008a        0x0 /usr/lib/gcc/avr/4.9.2/../../../avr/lib/avr5/crtatmega32.o
 .bss           0x000000000080008a       0x19 ./raw_io/SysTimer.o
 .bss           0x00000000008000a3        0x0 ./raw_io/Xcom_master.o
 .bss           0x00000000008000a3      0x21c ./raw_io/adc.o
 .bss           0x00000000008002bf        0x4 ./raw_io/pwm.o
 .bss           0x00000000008002c3        0x0 ./raw_io/uart.o
 .bss           0x00000000008002c3        0x0 ./PiXTend/modules/pix_adc.o
 .bss           0x00000000008002c3        0x1 ./PiXTend/modules/pix_giio.o
 .bss           0x00000000008002c4        0x9 ./PiXTend/modules/pix_pwm.o
 .bss           0x00000000008002cd        0x0 ./PiXTend/commands/adc.o
 .bss           0x00000000008002cd        0x0 ./PiXTend/commands/gpio.o
 .bss           0x00000000008002cd        0x4 ./PiXTend/commands/pwm.o
 .bss           0x00000000008002d1        0x4 ./PiX_ng.o
 .bss           0x00000000008002d5       0x1a ./RPiCom.o
 .bss           0x00000000008002ef        0x0 ./sps.o
 .bss           0x00000000008002ef        0x0 /usr/lib/gcc/avr/4.9.2/avr5/libgcc.a(_udivmodhi4.o)
 .bss           0x00000000008002ef        0x0 /usr/lib/gcc/avr/4.9.2/avr5/libgcc.a(_udivmodsi4.o)
 .bss           0x00000000008002ef        0x0 /usr/lib/gcc/avr/4.9.2/avr5/libgcc.a(_exit.o)
 .bss           0x00000000008002ef        0x0 /usr/lib/gcc/avr/4.9.2/avr5/libgcc.a(_tablejump2.o)
 .bss           0x00000000008002ef        0x0 /usr/lib/gcc/avr/4.9.2/avr5/libgcc.a(_copy_data.o)
 .bss           0x00000000008002ef        0x0 /usr/lib/gcc/avr/4.9.2/avr5/libgcc.a(_clear_bss.o)
 .bss           0x00000000008002ef        0x0 /usr/lib/gcc/avr/4.9.2/avr5/libgcc.a(_muluhisi3.o)
 .bss           0x00000000008002ef        0x0 /usr/lib/gcc/avr/4.9.2/avr5/libgcc.a(_umulhisi3.o)
 .bss           0x00000000008002ef        0x0 /usr/lib/gcc/avr/4.9.2/../../../avr/lib/avr5/libc.a(calloc.o)
 .bss           0x00000000008002ef        0x0 /usr/lib/gcc/avr/4.9.2/../../../avr/lib/avr5/libc.a(malloc.o)
 .bss           0x00000000008002ef        0x0 /usr/lib/gcc/avr/4.9.2/../../../avr/lib/avr5/libc.a(realloc.o)
 .bss           0x00000000008002ef        0x0 /usr/lib/gcc/avr/4.9.2/../../../avr/lib/avr5/libc.a(memcpy.o)
 .bss           0x00000000008002ef        0x0 /usr/lib/gcc/avr/4.9.2/../../../avr/lib/avr5/libc.a(memset.o)
 .bss           0x00000000008002ef        0x0 /usr/lib/gcc/avr/4.9.2/avr5/libgcc.a(_prologue.o)
 .bss           0x00000000008002ef        0x0 /usr/lib/gcc/avr/4.9.2/avr5/libgcc.a(_epilogue.o)
 *(.bss*)
 *(COMMON)
 COMMON         0x00000000008002ef        0x4 ./raw_io/SysTimer.o
                0x00000000008002ef                SysTime
 COMMON         0x00000000008002f3       0x8c ./raw_io/Xcom_master.o
                0x00000000008002f3                Xstat
                0x000000000080033d                XcomRxBuffer
                0x000000000080037d                DelayTick
 COMMON         0x000000000080037f        0x2 ./PiXTend/modules/pix_adc.o
                0x000000000080037f                ai
 COMMON         0x0000000000800381        0x5 ./PiX_ng.o
                0x0000000000800381                RPi
 COMMON         0x0000000000800386       0x18 ./sps.o
                0x0000000000800386                Mods
                0x0000000000800387                Features
                0x0000000000800388                ProcTick
                0x000000000080038a                RealOutput
                0x0000000000800399                Reg_uc
                0x000000000080039a                AutoTick
                0x000000000080039c                ModMap
 COMMON         0x000000000080039e        0x4 /usr/lib/gcc/avr/4.9.2/../../../avr/lib/avr5/libc.a(malloc.o)
                0x000000000080039e                __brkval
                0x00000000008003a0                __flp
                0x00000000008003a2                PROVIDE (__bss_end, .)
                0x0000000000001c60                __data_load_start = LOADADDR (.data)
                0x0000000000001c8a                __data_load_end = (__data_load_start + SIZEOF (.data))

.noinit         0x00000000008003a2        0x0
                0x00000000008003a2                PROVIDE (__noinit_start, .)
 *(.noinit*)
                0x00000000008003a2                PROVIDE (__noinit_end, .)
                0x00000000008003a2                _end = .
                0x00000000008003a2                PROVIDE (__heap_start, .)

.eeprom         0x0000000000810000        0x0
 *(.eeprom*)
                0x0000000000810000                __eeprom_end = .

.fuse
 *(.fuse)
 *(.lfuse)
 *(.hfuse)
 *(.efuse)

.lock
 *(.lock*)

.signature
 *(.signature*)

.user_signatures
 *(.user_signatures*)

.stab
 *(.stab)

.stabstr
 *(.stabstr)

.stab.excl
 *(.stab.excl)

.stab.exclstr
 *(.stab.exclstr)

.stab.index
 *(.stab.index)

.stab.indexstr
 *(.stab.indexstr)

.comment        0x0000000000000000       0x11
 *(.comment)
 .comment       0x0000000000000000       0x11 ./raw_io/SysTimer.o
                                         0x12 (size before relaxing)
 .comment       0x0000000000000011       0x12 ./raw_io/Xcom_master.o
 .comment       0x0000000000000011       0x12 ./raw_io/adc.o
 .comment       0x0000000000000011       0x12 ./raw_io/pwm.o
 .comment       0x0000000000000011       0x12 ./raw_io/uart.o
 .comment       0x0000000000000011       0x12 ./PiXTend/modules/pix_adc.o
 .comment       0x0000000000000011       0x12 ./PiXTend/modules/pix_giio.o
 .comment       0x0000000000000011       0x12 ./PiXTend/modules/pix_pwm.o
 .comment       0x0000000000000011       0x12 ./PiXTend/commands/adc.o
 .comment       0x0000000000000011       0x12 ./PiXTend/commands/gpio.o
 .comment       0x0000000000000011       0x12 ./PiXTend/commands/pwm.o
 .comment       0x0000000000000011       0x12 ./PiX_ng.o
 .comment       0x0000000000000011       0x12 ./RPiCom.o
 .comment       0x0000000000000011       0x12 ./sps.o
 .comment       0x0000000000000011       0x12 /usr/lib/gcc/avr/4.9.2/../../../avr/lib/avr5/libc.a(calloc.o)
 .comment       0x0000000000000011       0x12 /usr/lib/gcc/avr/4.9.2/../../../avr/lib/avr5/libc.a(malloc.o)
 .comment       0x0000000000000011       0x12 /usr/lib/gcc/avr/4.9.2/../../../avr/lib/avr5/libc.a(realloc.o)

.note.gnu.avr.deviceinfo
                0x0000000000000000       0x3c
 .note.gnu.avr.deviceinfo
                0x0000000000000000       0x3c /usr/lib/gcc/avr/4.9.2/../../../avr/lib/avr5/crtatmega32.o

.note.gnu.build-id
 *(.note.gnu.build-id)

.debug
 *(.debug)

.line
 *(.line)

.debug_srcinfo
 *(.debug_srcinfo)

.debug_sfnames
 *(.debug_sfnames)

.debug_aranges
 *(.debug_aranges)

.debug_pubnames
 *(.debug_pubnames)

.debug_info
 *(.debug_info .gnu.linkonce.wi.*)

.debug_abbrev
 *(.debug_abbrev)

.debug_line
 *(.debug_line .debug_line.* .debug_line_end)

.debug_frame
 *(.debug_frame)

.debug_str
 *(.debug_str)

.debug_loc
 *(.debug_loc)

.debug_macinfo
 *(.debug_macinfo)

.debug_weaknames
 *(.debug_weaknames)

.debug_funcnames
 *(.debug_funcnames)

.debug_typenames
 *(.debug_typenames)

.debug_varnames
 *(.debug_varnames)

.debug_pubtypes
 *(.debug_pubtypes)

.debug_ranges
 *(.debug_ranges)

.debug_macro
 *(.debug_macro)
OUTPUT(PiX_ng2.elf elf32-avr)
LOAD linker stubs
